Running tests ...
[1A[KRunning 23 tests in 1 runtime ...
[1A[K[1m[32mRunning 23 tests in 1 runtime ... 43% done[0m
[1A[K[1m[32mRunning 23 tests in 1 runtime ... 43% done[0m
[1A[K[1m[32mRunning 23 tests in 1 runtime ... 43% done[0m
[1A[K[1m[32mRunning 23 tests in 1 runtime ... 48% done[0m
[1A[K[1m[32mRunning 23 tests in 1 runtime ... 48% done[0m
[1A[K[1m[32mRunning 23 tests in 1 runtime ... 48% done[0m
[1A[K[1m[32mRunning 23 tests in 1 runtime ... 48% done[0m
[1A[K[1m[32mRunning 23 tests in 1 runtime ... 48% done[0m
[1A[K[1m[32m23 tests, 50 assertions, 1 runtime ... OK[0m
